###############################################################################
#
# IAR ELF Linker V8.22.1.15669/W32 for ARM                19/Mar/2018  18:11:03
# Copyright 2007-2018 IAR Systems AB.
#
#    Output file  =  
#        C:\Users\orange\iCloudDrive\CH\CH_RHY_HOME_RO_CODE\CH_RHY_HOME_RO_CODE\EWARM\CH_RHY_HOME_RO_CODE\Exe\CH_RHY_HOME_RO_CODE.out
#    Map file     =  
#        C:\Users\orange\iCloudDrive\CH\CH_RHY_HOME_RO_CODE\CH_RHY_HOME_RO_CODE\EWARM\CH_RHY_HOME_RO_CODE\List\CH_RHY_HOME_RO_CODE.map
#    Command line =  
#        -f C:\Users\orange\AppData\Local\Temp\EWCDB.tmp
#        (C:\Users\orange\iCloudDrive\CH\CH_RHY_HOME_RO_CODE\CH_RHY_HOME_RO_CODE\EWARM\CH_RHY_HOME_RO_CODE\Obj\adc.o
#        C:\Users\orange\iCloudDrive\CH\CH_RHY_HOME_RO_CODE\CH_RHY_HOME_RO_CODE\EWARM\CH_RHY_HOME_RO_CODE\Obj\app.o
#        C:\Users\orange\iCloudDrive\CH\CH_RHY_HOME_RO_CODE\CH_RHY_HOME_RO_CODE\EWARM\CH_RHY_HOME_RO_CODE\Obj\bc95.o
#        C:\Users\orange\iCloudDrive\CH\CH_RHY_HOME_RO_CODE\CH_RHY_HOME_RO_CODE\EWARM\CH_RHY_HOME_RO_CODE\Obj\cmsis_os.o
#        C:\Users\orange\iCloudDrive\CH\CH_RHY_HOME_RO_CODE\CH_RHY_HOME_RO_CODE\EWARM\CH_RHY_HOME_RO_CODE\Obj\config.o
#        C:\Users\orange\iCloudDrive\CH\CH_RHY_HOME_RO_CODE\CH_RHY_HOME_RO_CODE\EWARM\CH_RHY_HOME_RO_CODE\Obj\croutine.o
#        C:\Users\orange\iCloudDrive\CH\CH_RHY_HOME_RO_CODE\CH_RHY_HOME_RO_CODE\EWARM\CH_RHY_HOME_RO_CODE\Obj\dma.o
#        C:\Users\orange\iCloudDrive\CH\CH_RHY_HOME_RO_CODE\CH_RHY_HOME_RO_CODE\EWARM\CH_RHY_HOME_RO_CODE\Obj\event_groups.o
#        C:\Users\orange\iCloudDrive\CH\CH_RHY_HOME_RO_CODE\CH_RHY_HOME_RO_CODE\EWARM\CH_RHY_HOME_RO_CODE\Obj\freertos.o
#        C:\Users\orange\iCloudDrive\CH\CH_RHY_HOME_RO_CODE\CH_RHY_HOME_RO_CODE\EWARM\CH_RHY_HOME_RO_CODE\Obj\gpio.o
#        C:\Users\orange\iCloudDrive\CH\CH_RHY_HOME_RO_CODE\CH_RHY_HOME_RO_CODE\EWARM\CH_RHY_HOME_RO_CODE\Obj\heap_4.o
#        C:\Users\orange\iCloudDrive\CH\CH_RHY_HOME_RO_CODE\CH_RHY_HOME_RO_CODE\EWARM\CH_RHY_HOME_RO_CODE\Obj\list.o
#        C:\Users\orange\iCloudDrive\CH\CH_RHY_HOME_RO_CODE\CH_RHY_HOME_RO_CODE\EWARM\CH_RHY_HOME_RO_CODE\Obj\main.o
#        C:\Users\orange\iCloudDrive\CH\CH_RHY_HOME_RO_CODE\CH_RHY_HOME_RO_CODE\EWARM\CH_RHY_HOME_RO_CODE\Obj\port.o
#        C:\Users\orange\iCloudDrive\CH\CH_RHY_HOME_RO_CODE\CH_RHY_HOME_RO_CODE\EWARM\CH_RHY_HOME_RO_CODE\Obj\portasm.o
#        C:\Users\orange\iCloudDrive\CH\CH_RHY_HOME_RO_CODE\CH_RHY_HOME_RO_CODE\EWARM\CH_RHY_HOME_RO_CODE\Obj\queue.o
#        C:\Users\orange\iCloudDrive\CH\CH_RHY_HOME_RO_CODE\CH_RHY_HOME_RO_CODE\EWARM\CH_RHY_HOME_RO_CODE\Obj\startup_stm32f103xb.o
#        C:\Users\orange\iCloudDrive\CH\CH_RHY_HOME_RO_CODE\CH_RHY_HOME_RO_CODE\EWARM\CH_RHY_HOME_RO_CODE\Obj\stm32f1xx_hal.o
#        C:\Users\orange\iCloudDrive\CH\CH_RHY_HOME_RO_CODE\CH_RHY_HOME_RO_CODE\EWARM\CH_RHY_HOME_RO_CODE\Obj\stm32f1xx_hal_adc.o
#        C:\Users\orange\iCloudDrive\CH\CH_RHY_HOME_RO_CODE\CH_RHY_HOME_RO_CODE\EWARM\CH_RHY_HOME_RO_CODE\Obj\stm32f1xx_hal_adc_ex.o
#        C:\Users\orange\iCloudDrive\CH\CH_RHY_HOME_RO_CODE\CH_RHY_HOME_RO_CODE\EWARM\CH_RHY_HOME_RO_CODE\Obj\stm32f1xx_hal_cortex.o
#        C:\Users\orange\iCloudDrive\CH\CH_RHY_HOME_RO_CODE\CH_RHY_HOME_RO_CODE\EWARM\CH_RHY_HOME_RO_CODE\Obj\stm32f1xx_hal_dma.o
#        C:\Users\orange\iCloudDrive\CH\CH_RHY_HOME_RO_CODE\CH_RHY_HOME_RO_CODE\EWARM\CH_RHY_HOME_RO_CODE\Obj\stm32f1xx_hal_flash.o
#        C:\Users\orange\iCloudDrive\CH\CH_RHY_HOME_RO_CODE\CH_RHY_HOME_RO_CODE\EWARM\CH_RHY_HOME_RO_CODE\Obj\stm32f1xx_hal_flash_ex.o
#        C:\Users\orange\iCloudDrive\CH\CH_RHY_HOME_RO_CODE\CH_RHY_HOME_RO_CODE\EWARM\CH_RHY_HOME_RO_CODE\Obj\stm32f1xx_hal_gpio.o
#        C:\Users\orange\iCloudDrive\CH\CH_RHY_HOME_RO_CODE\CH_RHY_HOME_RO_CODE\EWARM\CH_RHY_HOME_RO_CODE\Obj\stm32f1xx_hal_gpio_ex.o
#        C:\Users\orange\iCloudDrive\CH\CH_RHY_HOME_RO_CODE\CH_RHY_HOME_RO_CODE\EWARM\CH_RHY_HOME_RO_CODE\Obj\stm32f1xx_hal_msp.o
#        C:\Users\orange\iCloudDrive\CH\CH_RHY_HOME_RO_CODE\CH_RHY_HOME_RO_CODE\EWARM\CH_RHY_HOME_RO_CODE\Obj\stm32f1xx_hal_pwr.o
#        C:\Users\orange\iCloudDrive\CH\CH_RHY_HOME_RO_CODE\CH_RHY_HOME_RO_CODE\EWARM\CH_RHY_HOME_RO_CODE\Obj\stm32f1xx_hal_rcc.o
#        C:\Users\orange\iCloudDrive\CH\CH_RHY_HOME_RO_CODE\CH_RHY_HOME_RO_CODE\EWARM\CH_RHY_HOME_RO_CODE\Obj\stm32f1xx_hal_rcc_ex.o
#        C:\Users\orange\iCloudDrive\CH\CH_RHY_HOME_RO_CODE\CH_RHY_HOME_RO_CODE\EWARM\CH_RHY_HOME_RO_CODE\Obj\stm32f1xx_hal_tim.o
#        C:\Users\orange\iCloudDrive\CH\CH_RHY_HOME_RO_CODE\CH_RHY_HOME_RO_CODE\EWARM\CH_RHY_HOME_RO_CODE\Obj\stm32f1xx_hal_tim_ex.o
#        C:\Users\orange\iCloudDrive\CH\CH_RHY_HOME_RO_CODE\CH_RHY_HOME_RO_CODE\EWARM\CH_RHY_HOME_RO_CODE\Obj\stm32f1xx_hal_timebase_TIM.o
#        C:\Users\orange\iCloudDrive\CH\CH_RHY_HOME_RO_CODE\CH_RHY_HOME_RO_CODE\EWARM\CH_RHY_HOME_RO_CODE\Obj\stm32f1xx_hal_uart.o
#        C:\Users\orange\iCloudDrive\CH\CH_RHY_HOME_RO_CODE\CH_RHY_HOME_RO_CODE\EWARM\CH_RHY_HOME_RO_CODE\Obj\stm32f1xx_it.o
#        C:\Users\orange\iCloudDrive\CH\CH_RHY_HOME_RO_CODE\CH_RHY_HOME_RO_CODE\EWARM\CH_RHY_HOME_RO_CODE\Obj\system_stm32f1xx.o
#        C:\Users\orange\iCloudDrive\CH\CH_RHY_HOME_RO_CODE\CH_RHY_HOME_RO_CODE\EWARM\CH_RHY_HOME_RO_CODE\Obj\tasks.o
#        C:\Users\orange\iCloudDrive\CH\CH_RHY_HOME_RO_CODE\CH_RHY_HOME_RO_CODE\EWARM\CH_RHY_HOME_RO_CODE\Obj\tim.o
#        C:\Users\orange\iCloudDrive\CH\CH_RHY_HOME_RO_CODE\CH_RHY_HOME_RO_CODE\EWARM\CH_RHY_HOME_RO_CODE\Obj\timers.o
#        C:\Users\orange\iCloudDrive\CH\CH_RHY_HOME_RO_CODE\CH_RHY_HOME_RO_CODE\EWARM\CH_RHY_HOME_RO_CODE\Obj\tools.o
#        C:\Users\orange\iCloudDrive\CH\CH_RHY_HOME_RO_CODE\CH_RHY_HOME_RO_CODE\EWARM\CH_RHY_HOME_RO_CODE\Obj\usart.o
#        --redirect _Printf=_PrintfFull --redirect _Scanf=_ScanfFull -o
#        C:\Users\orange\iCloudDrive\CH\CH_RHY_HOME_RO_CODE\CH_RHY_HOME_RO_CODE\EWARM\CH_RHY_HOME_RO_CODE\Exe\CH_RHY_HOME_RO_CODE.out
#        --map
#        C:\Users\orange\iCloudDrive\CH\CH_RHY_HOME_RO_CODE\CH_RHY_HOME_RO_CODE\EWARM\CH_RHY_HOME_RO_CODE\List\CH_RHY_HOME_RO_CODE.map
#        --config
#        C:\Users\orange\iCloudDrive\CH\CH_RHY_HOME_RO_CODE\CH_RHY_HOME_RO_CODE\EWARM/stm32f103xb_flash.icf
#        --semihosting --entry __iar_program_start --vfe --text_out locale)
#
###############################################################################

*******************************************************************************
*** RUNTIME MODEL ATTRIBUTES
***

CppFlavor       = *
__SystemLibrary = DLib
__dlib_version  = 6


*******************************************************************************
*** HEAP SELECTION
***

The basic heap was selected because no calls to memory allocation
functions were found in the application outside of system library
functions, and there are calls to deallocation functions in the
application.


*******************************************************************************
*** PLACEMENT SUMMARY
***

"A0":  place at 0x08000000 { ro section .intvec };
"P1":  place in [from 0x08000000 to 0x0801ffff] { ro };
define block CSTACK with size = 1K, alignment = 8 { };
define block HEAP with size = 512, alignment = 8 { };
"P2":  place in [from 0x20000000 to 0x20004fff] {
          rw, block CSTACK, block HEAP };
initialize by copy { rw };

  Section            Kind        Address    Size  Object
  -------            ----        -------    ----  ------
"A0":                                       0xec
  .intvec            ro code  0x08000000    0xec  startup_stm32f103xb.o [1]
                            - 0x080000ec    0xec

"P1":                                     0x3f37
  .text              ro code  0x080000ec   0x808  tasks.o [1]
  .text              ro code  0x080008f4   0x1b0  heap_4.o [1]
  .text              ro code  0x08000aa4    0x8e  list.o [1]
  .text              ro code  0x08000b32    0x7a  lz77_init_single.o [5]
  .text              ro code  0x08000bac   0x158  port.o [1]
  CODE               ro code  0x08000d04    0x88  portasm.o [1]
  .text              ro code  0x08000d8c   0x5ac  stm32f1xx_hal_uart.o [1]
  .text              ro code  0x08001338   0x244  usart.o [1]
  .text              ro code  0x0800157c   0x32e  stm32f1xx_hal_dma.o [1]
  .text              ro code  0x080018aa     0x2  stm32f1xx_hal_uart.o [1]
  .text              ro code  0x080018ac     0x2  stm32f1xx_hal_uart.o [1]
  .text              ro code  0x080018ae     0x2  stm32f1xx_hal_uart.o [1]
  .text              ro code  0x080018b0     0x2  stm32f1xx_hal_uart.o [1]
  .text              ro code  0x080018b2     0x2  stm32f1xx_hal_uart.o [1]
  .text              ro code  0x080018b4   0x512  stm32f1xx_hal_rcc.o [1]
  .text              ro code  0x08001dc8    0xc6  main.o [1]
  .text              ro code  0x08001e90    0xe0  stm32f1xx_hal_cortex.o [1]
  .text              ro code  0x08001f70   0x1cc  stm32f1xx_hal_gpio.o [1]
  .text              ro code  0x0800213c     0xc  stm32f1xx_hal.o [1]
  .text              ro code  0x08002148    0x78  stm32f1xx_hal_timebase_TIM.o [1]
  .text              ro code  0x080021c0    0x24  stm32f1xx_hal.o [1]
  .text              ro code  0x080021e4   0x116  gpio.o [1]
  .text              ro code  0x080022fc    0x70  dma.o [1]
  .text              ro code  0x0800236c   0x178  adc.o [1]
  .text              ro code  0x080024e4   0x124  tim.o [1]
  .text              ro code  0x08002608   0x178  freertos.o [1]
  .text              ro code  0x08002780    0x9a  cmsis_os.o [1]
  .text              ro code  0x0800281c    0xe8  stm32f1xx_hal_rcc_ex.o [1]
  .text              ro code  0x08002904    0x10  stm32f1xx_hal.o [1]
  .text              ro code  0x08002914   0x3de  stm32f1xx_hal_tim.o [1]
  .text              ro code  0x08002cf4    0x8c  stm32f1xx_hal_msp.o [1]
  .text              ro code  0x08002d80   0x24c  stm32f1xx_hal_adc.o [1]
  .text              ro code  0x08002fcc    0x4a  stm32f1xx_hal_tim_ex.o [1]
  .text              ro code  0x08003018    0xa6  ABImemcpy.o [5]
  .text              ro code  0x080030c0    0x30  app.o [1]
  .text              ro code  0x080030f0   0x490  bc95.o [1]
  .text              ro code  0x08003580   0x2f0  queue.o [1]
  .text              ro code  0x08003870     0x2  stm32f1xx_hal_tim.o [1]
  .text              ro code  0x08003872     0x2  stm32f1xx_hal_tim.o [1]
  .text              ro code  0x08003874     0x2  stm32f1xx_hal_tim_ex.o [1]
  .text              ro code  0x08003876     0x2  stm32f1xx_hal_tim.o [1]
  .text              ro code  0x08003878     0x2  stm32f1xx_hal_tim_ex.o [1]
  .text              ro code  0x0800387a     0x2  stm32f1xx_hal_tim.o [1]
  .text              ro code  0x0800387c    0x6e  tools.o [1]
  .text              ro code  0x080038ec    0x36  strlen.o [5]
  .text              ro code  0x08003924     0x6  ABImemclr4.o [5]
  .text              ro code  0x0800392a    0x30  strstr.o [3]
  .text              ro code  0x0800395c    0x96  ABImemmove.o [5]
  .text              ro code  0x080039f4   0x174  iar_Stoulx.o [3]
  .text              ro code  0x08003b68    0x20  strcat.o [3]
  .text              ro code  0x08003b88    0x16  strchr.o [5]
  .text              ro code  0x08003ba0    0x32  ABImemset48.o [5]
  .text              ro code  0x08003bd2    0x14  isspace.o [3]
  .text              ro code  0x08003be6    0x14  tolower.o [3]
  .text              ro code  0x08003bfc    0x58  memchr.o [5]
  .text              ro code  0x08003c54    0x34  xlocale_c.o [3]
  .text              ro code  0x08003c88    0x78  stm32f1xx_it.o [1]
  .text              ro code  0x08003d00    0x5c  system_stm32f1xx.o [1]
  .rodata            const    0x08003d5c    0x50  freertos.o [1]
  .text              ro code  0x08003dac    0x40  zero_init3.o [5]
  .text              ro code  0x08003dec    0x28  data_init.o [5]
  .iar.init_table    const    0x08003e14    0x20  - Linker created -
  .text              ro code  0x08003e34    0x1e  cmain.o [5]
  .text              ro code  0x08003e52     0x4  low_level_init.o [3]
  .text              ro code  0x08003e56     0x4  exit.o [3]
  .text              ro code  0x08003e5c     0xa  cexit.o [5]
  .text              ro code  0x08003e68    0x14  exit.o [6]
  .text              ro code  0x08003e7c    0x10  startup_stm32f103xb.o [1]
  .text              ro code  0x08003e8c     0xc  cstartup_M.o [5]
  .rodata            const    0x08003e98     0x8  system_stm32f1xx.o [1]
  .text              ro code  0x08003ea0     0x4  startup_stm32f103xb.o [1]
  .text              ro code  0x08003ea4     0x4  startup_stm32f103xb.o [1]
  .text              ro code  0x08003ea8     0x4  startup_stm32f103xb.o [1]
  .text              ro code  0x08003eac     0x4  startup_stm32f103xb.o [1]
  .text              ro code  0x08003eb0     0x4  startup_stm32f103xb.o [1]
  .text              ro code  0x08003eb4     0x4  startup_stm32f103xb.o [1]
  .text              ro code  0x08003eb8     0x4  startup_stm32f103xb.o [1]
  .text              ro code  0x08003ebc     0x4  startup_stm32f103xb.o [1]
  .text              ro code  0x08003ec0     0x4  startup_stm32f103xb.o [1]
  .text              ro code  0x08003ec4     0x4  startup_stm32f103xb.o [1]
  .text              ro code  0x08003ec8     0x4  startup_stm32f103xb.o [1]
  .text              ro code  0x08003ecc     0x4  startup_stm32f103xb.o [1]
  .text              ro code  0x08003ed0     0x4  startup_stm32f103xb.o [1]
  .text              ro code  0x08003ed4     0x4  startup_stm32f103xb.o [1]
  .text              ro code  0x08003ed8     0x4  startup_stm32f103xb.o [1]
  .text              ro code  0x08003edc     0x4  startup_stm32f103xb.o [1]
  .text              ro code  0x08003ee0     0x4  startup_stm32f103xb.o [1]
  .text              ro code  0x08003ee4     0x4  startup_stm32f103xb.o [1]
  .text              ro code  0x08003ee8     0x4  startup_stm32f103xb.o [1]
  .text              ro code  0x08003eec     0x4  startup_stm32f103xb.o [1]
  .text              ro code  0x08003ef0     0x4  startup_stm32f103xb.o [1]
  .text              ro code  0x08003ef4     0x4  startup_stm32f103xb.o [1]
  .text              ro code  0x08003ef8     0x4  startup_stm32f103xb.o [1]
  .text              ro code  0x08003efc     0x4  startup_stm32f103xb.o [1]
  .text              ro code  0x08003f00     0x4  startup_stm32f103xb.o [1]
  .text              ro code  0x08003f04     0x4  startup_stm32f103xb.o [1]
  .text              ro code  0x08003f08     0x4  startup_stm32f103xb.o [1]
  .text              ro code  0x08003f0c     0x4  startup_stm32f103xb.o [1]
  .text              ro code  0x08003f10     0x4  startup_stm32f103xb.o [1]
  .text              ro code  0x08003f14     0x4  startup_stm32f103xb.o [1]
  .text              ro code  0x08003f18     0x4  startup_stm32f103xb.o [1]
  .text              ro code  0x08003f1c     0x4  startup_stm32f103xb.o [1]
  .text              ro code  0x08003f20     0x4  startup_stm32f103xb.o [1]
  .text              ro code  0x08003f24     0x4  startup_stm32f103xb.o [1]
  .rodata            const    0x08003f28     0x2  xlocale_c.o [3]
  .rodata            const    0x08003f2a     0x0  zero_init3.o [5]
  .rodata            const    0x08003f2a     0x0  lz77_init_single.o [5]
  Initializer bytes  const    0x08003f2a    0xed  <for P2-1>
                            - 0x08004017  0x3f2b

"P2", part 1 of 3:                         0x668
  P2-1                        0x20000000   0x668  <Init block>
    .data            inited   0x20000000   0x610  bc95.o [1]
    .data            inited   0x20000610     0xc  port.o [1]
    .data            inited   0x2000061c     0x4  system_stm32f1xx.o [1]
    .data            inited   0x20000620    0x48  xlocale_c.o [3]
                            - 0x20000668   0x668

"P2", part 2 of 3:                        0x2b64
  .bss               zero     0x20000668  0x2728  heap_4.o [1]
  .bss               zero     0x20002d90   0x110  usart.o [1]
  .bss               zero     0x20002ea0    0xa0  tasks.o [1]
  .bss               zero     0x20002f40    0x8c  tasks.o [1]
  .bss               zero     0x20002fcc    0x68  app.o [1]
  .bss               zero     0x20003034    0x44  adc.o [1]
  .bss               zero     0x20003078    0x40  stm32f1xx_hal_timebase_TIM.o [1]
  .bss               zero     0x200030b8    0x40  tim.o [1]
  .bss               zero     0x200030f8    0x40  usart.o [1]
  .bss               zero     0x20003138    0x40  usart.o [1]
  .bss               zero     0x20003178    0x30  adc.o [1]
  .bss               zero     0x200031a8    0x1c  freertos.o [1]
  .bss               zero     0x200031c4     0x4  app.o [1]
  .bss               zero     0x200031c8     0x4  stm32f1xx_hal.o [1]
                            - 0x200031cc  0x2b64

"P2", part 3 of 3:                         0x400
  CSTACK                      0x200031d0   0x400  <Block>
    CSTACK           uninit   0x200031d0   0x400  <Block tail>
                            - 0x200035d0   0x400


*******************************************************************************
*** INIT TABLE
***

          Address     Size
          -------     ----
Zero (__iar_zero_init3)
    1 destination range, total size 0x2b64:
          0x20000668  0x2b64

Copy/lz77 (__iar_lz77_init_single3)
    1 source range, total size 0xed (14% of destination):
          0x08003f2a    0xed
    1 destination range, total size 0x668:
          0x20000000   0x668



*******************************************************************************
*** MODULE SUMMARY
***

    Module                        ro code  ro data  rw data
    ------                        -------  -------  -------
C:\Users\orange\iCloudDrive\CH\CH_RHY_HOME_RO_CODE\CH_RHY_HOME_RO_CODE\EWARM\CH_RHY_HOME_RO_CODE\Obj: [1]
    adc.o                             376               116
    app.o                              48               108
    bc95.o                          1 168      224    1 552
    cmsis_os.o                        154
    dma.o                             112
    freertos.o                        376       80       28
    gpio.o                            278
    heap_4.o                          432            10 024
    list.o                            142
    main.o                            198
    port.o                            344        2       12
    portasm.o                         136
    queue.o                           752
    startup_stm32f103xb.o             388
    stm32f1xx_hal.o                    64                 4
    stm32f1xx_hal_adc.o               588
    stm32f1xx_hal_cortex.o            224
    stm32f1xx_hal_dma.o               814
    stm32f1xx_hal_gpio.o              460
    stm32f1xx_hal_msp.o               140
    stm32f1xx_hal_rcc.o             1 298
    stm32f1xx_hal_rcc_ex.o            232
    stm32f1xx_hal_tim.o               998
    stm32f1xx_hal_tim_ex.o             78
    stm32f1xx_hal_timebase_TIM.o      120                64
    stm32f1xx_hal_uart.o            1 462
    stm32f1xx_it.o                    120
    system_stm32f1xx.o                 92        8        4
    tasks.o                         2 056               300
    tim.o                             292                64
    tools.o                           110
    usart.o                           580               400
    -------------------------------------------------------
    Total:                         14 632      314   12 676

command line: [2]
    -------------------------------------------------------
    Total:

dl7M_tlf.a: [3]
    exit.o                              4
    iar_Stoulx.o                      372
    isspace.o                          20
    low_level_init.o                    4
    strcat.o                           32
    strstr.o                           48
    tolower.o                          20
    xlocale_c.o                        52       12       72
    -------------------------------------------------------
    Total:                            552       12       72

m7M_tl.a: [4]
    -------------------------------------------------------
    Total:

rt7M_tl.a: [5]
    ABImemclr4.o                        6
    ABImemcpy.o                       166
    ABImemmove.o                      150
    ABImemset48.o                      50
    cexit.o                            10
    cmain.o                            30
    cstartup_M.o                       12
    data_init.o                        40
    lz77_init_single.o                122
    memchr.o                           88
    strchr.o                           22
    strlen.o                           54
    zero_init3.o                       64
    -------------------------------------------------------
    Total:                            814

shb_l.a: [6]
    exit.o                             20
    -------------------------------------------------------
    Total:                             20

    Gaps                               30
    Linker created                              33    1 024
-----------------------------------------------------------
    Grand Total:                   16 048      359   13 772


*******************************************************************************
*** ENTRY LIST
***

Entry                      Address    Size  Type      Object
-----                      -------    ----  ----      ------
.iar.init_table$$Base   0x08003e14           --   Gb  - Linker created -
.iar.init_table$$Limit  0x08003e34           --   Gb  - Linker created -
?main                   0x08003e35          Code  Gb  cmain.o [5]
ADC_ConversionStop_Disable
                        0x08002f89    0x44  Code  Gb  stm32f1xx_hal_adc.o [1]
AHBPrescTable           0x08003d4c    0x10  Data  Gb  system_stm32f1xx.o [1]
APBPrescTable           0x08003e98     0x8  Data  Gb  system_stm32f1xx.o [1]
AppTaskHandle           0x200031a8     0x4  Data  Gb  freertos.o [1]
Bc95InitTaskHandle      0x200031ac     0x4  Data  Gb  freertos.o [1]
Bc95RecvSemHandle       0x200031c0     0x4  Data  Gb  freertos.o [1]
Bc95RecvTaskHandle      0x200031bc     0x4  Data  Gb  freertos.o [1]
BusFault_Handler        0x08003c8f     0x2  Code  Gb  stm32f1xx_it.o [1]
CSTACK$$Base            0x200031d0           --   Gb  - Linker created -
CSTACK$$Limit           0x200035d0           --   Gb  - Linker created -
ControlTaskHandle       0x200031b4     0x4  Data  Gb  freertos.o [1]
DMA1_Channel1_IRQHandler
                        0x08003c99     0x6  Code  Gb  stm32f1xx_it.o [1]
DMA1_Channel4_IRQHandler
                        0x08003c9f     0x6  Code  Gb  stm32f1xx_it.o [1]
DMA1_Channel5_IRQHandler
                        0x08003ca5     0x6  Code  Gb  stm32f1xx_it.o [1]
DMA1_Channel6_IRQHandler
                        0x08003cab     0x6  Code  Gb  stm32f1xx_it.o [1]
DMA1_Channel7_IRQHandler
                        0x08003cb1     0x6  Code  Gb  stm32f1xx_it.o [1]
DMA_SetConfig           0x08001889    0x22  Code  Lc  stm32f1xx_hal_dma.o [1]
DebugMon_Handler        0x08003c93     0x2  Code  Gb  stm32f1xx_it.o [1]
ErrorCheckTaskHandle    0x200031b8     0x4  Data  Gb  freertos.o [1]
HAL_ADC_ConfigChannel   0x08002e75    0xe4  Code  Gb  stm32f1xx_hal_adc.o [1]
HAL_ADC_Init            0x08002d81    0xf4  Code  Gb  stm32f1xx_hal_adc.o [1]
HAL_ADC_MspInit         0x080023f5    0x7e  Code  Gb  adc.o [1]
HAL_DMA_Abort           0x0800165d    0x2c  Code  Gb  stm32f1xx_hal_dma.o [1]
HAL_DMA_Abort_IT        0x08001689    0x9a  Code  Gb  stm32f1xx_hal_dma.o [1]
HAL_DMA_IRQHandler      0x08001723   0x140  Code  Gb  stm32f1xx_hal_dma.o [1]
HAL_DMA_Init            0x0800157d    0x64  Code  Gb  stm32f1xx_hal_dma.o [1]
HAL_DMA_Start_IT        0x080015e9    0x74  Code  Gb  stm32f1xx_hal_dma.o [1]
HAL_GPIO_Init           0x08001f71   0x182  Code  Gb  stm32f1xx_hal_gpio.o [1]
HAL_GPIO_TogglePin      0x080020ff     0x8  Code  Gb  stm32f1xx_hal_gpio.o [1]
HAL_GPIO_WritePin       0x080020f3     0xc  Code  Gb  stm32f1xx_hal_gpio.o [1]
HAL_GetTick             0x0800213d     0xc  Code  Wk  stm32f1xx_hal.o [1]
HAL_IncTick             0x08002905    0x10  Code  Wk  stm32f1xx_hal.o [1]
HAL_Init                0x080021c1    0x20  Code  Gb  stm32f1xx_hal.o [1]
HAL_InitTick            0x08002149    0x68  Code  Gb  stm32f1xx_hal_timebase_TIM.o [1]
HAL_MspInit             0x08002cf5    0x8c  Code  Gb  stm32f1xx_hal_msp.o [1]
HAL_NVIC_EnableIRQ      0x08001f03     0xa  Code  Gb  stm32f1xx_hal_cortex.o [1]
HAL_NVIC_SetPriority    0x08001ec9    0x3a  Code  Gb  stm32f1xx_hal_cortex.o [1]
HAL_NVIC_SetPriorityGrouping
                        0x08001eaf    0x1a  Code  Gb  stm32f1xx_hal_cortex.o [1]
HAL_RCCEx_PeriphCLKConfig
                        0x0800281d    0xda  Code  Gb  stm32f1xx_hal_rcc_ex.o [1]
HAL_RCC_ClockConfig     0x08001bd1   0x10c  Code  Gb  stm32f1xx_hal_rcc.o [1]
HAL_RCC_GetClockConfig  0x08001d53    0x36  Code  Gb  stm32f1xx_hal_rcc.o [1]
HAL_RCC_GetHCLKFreq     0x08001d29     0x6  Code  Gb  stm32f1xx_hal_rcc.o [1]
HAL_RCC_GetPCLK1Freq    0x08001d2f    0x10  Code  Gb  stm32f1xx_hal_rcc.o [1]
HAL_RCC_GetPCLK2Freq    0x08001d3f     0xe  Code  Gb  stm32f1xx_hal_rcc.o [1]
HAL_RCC_GetSysClockFreq
                        0x08001cf1    0x38  Code  Gb  stm32f1xx_hal_rcc.o [1]
HAL_RCC_GetSysClockFreq::aPLLMULFactorTable
                        0x08001db4    0x10  Data  Lc  stm32f1xx_hal_rcc.o [1]
HAL_RCC_GetSysClockFreq::aPredivFactorTable
                        0x08001dc4     0x2  Data  Lc  stm32f1xx_hal_rcc.o [1]
HAL_RCC_OscConfig       0x080018b5   0x314  Code  Gb  stm32f1xx_hal_rcc.o [1]
HAL_SYSTICK_CLKSourceConfig
                        0x08001f3f    0x1a  Code  Gb  stm32f1xx_hal_cortex.o [1]
HAL_SYSTICK_Config      0x08001f17    0x28  Code  Gb  stm32f1xx_hal_cortex.o [1]
HAL_TIMEx_BreakCallback
                        0x08003875     0x2  Code  Wk  stm32f1xx_hal_tim_ex.o [1]
HAL_TIMEx_CommutationCallback
                        0x08003879     0x2  Code  Wk  stm32f1xx_hal_tim_ex.o [1]
HAL_TIMEx_MasterConfigSynchronization
                        0x08002fcd    0x4a  Code  Gb  stm32f1xx_hal_tim_ex.o [1]
HAL_TIM_Base_Init       0x08002915    0x1a  Code  Gb  stm32f1xx_hal_tim.o [1]
HAL_TIM_Base_Start_IT   0x0800292f    0x16  Code  Gb  stm32f1xx_hal_tim.o [1]
HAL_TIM_IC_ConfigChannel
                        0x08002acb   0x104  Code  Gb  stm32f1xx_hal_tim.o [1]
HAL_TIM_IC_Init         0x08002959    0x1a  Code  Gb  stm32f1xx_hal_tim.o [1]
HAL_TIM_IC_MspInit      0x0800255d    0x48  Code  Gb  tim.o [1]
HAL_TIM_IRQHandler      0x08002983   0x142  Code  Gb  stm32f1xx_hal_tim.o [1]
HAL_TIM_PeriodElapsedCallback
                        0x08001e7b     0xe  Code  Gb  main.o [1]
HAL_UART_DMAStop        0x08000f0f    0x48  Code  Gb  stm32f1xx_hal_uart.o [1]
HAL_UART_IRQHandler     0x08000f6f   0x152  Code  Gb  stm32f1xx_hal_uart.o [1]
HAL_UART_Init           0x08000d8d    0x1e  Code  Gb  stm32f1xx_hal_uart.o [1]
HAL_UART_MspInit        0x08001393   0x14c  Code  Gb  usart.o [1]
HAL_UART_Receive_DMA    0x08000e7d    0x92  Code  Gb  stm32f1xx_hal_uart.o [1]
HAL_UART_Transmit_DMA   0x08000e05    0x78  Code  Gb  stm32f1xx_hal_uart.o [1]
HardFault_Handler       0x08003c8b     0x2  Code  Gb  stm32f1xx_it.o [1]
M35InitTaskHandle       0x200031b0     0x4  Data  Gb  freertos.o [1]
MX_ADC1_Init            0x0800236d    0x74  Code  Gb  adc.o [1]
MX_DMA_Init             0x080022fd    0x70  Code  Gb  dma.o [1]
MX_FREERTOS_Init        0x08002609    0x94  Code  Gb  freertos.o [1]
MX_GPIO_Init            0x080021e5    0xf6  Code  Gb  gpio.o [1]
MX_TIM3_Init            0x080024e5    0x72  Code  Gb  tim.o [1]
MX_USART1_UART_Init     0x08001339    0x18  Code  Gb  usart.o [1]
MX_USART2_UART_Init     0x08001351    0x16  Code  Gb  usart.o [1]
MemManage_Handler       0x08003c8d     0x2  Code  Gb  stm32f1xx_it.o [1]
NMI_Handler             0x08003c89     0x2  Code  Gb  stm32f1xx_it.o [1]
NVIC_SetPriority        0x08001e91    0x1e  Code  Lc  stm32f1xx_hal_cortex.o [1]
PendSV_Handler          0x08000d05          Code  Gb  portasm.o [1]
Region$$Table$$Base     0x08003e14           --   Gb  - Linker created -
Region$$Table$$Limit    0x08003e34           --   Gb  - Linker created -
SVC_Handler             0x08000d4b          Code  Gb  portasm.o [1]
StartAppTask            0x0800269d    0x1c  Code  Gb  freertos.o [1]
StartBc95InitTask       0x080026b9    0x18  Code  Gb  freertos.o [1]
StartBc95RecvTask       0x080026fb     0x8  Code  Gb  freertos.o [1]
StartControlTask        0x080026e5     0x8  Code  Gb  freertos.o [1]
StartErrorCheckTask     0x080026f3     0x8  Code  Gb  freertos.o [1]
StartM35InitTask        0x080026dd     0x8  Code  Gb  freertos.o [1]
SysTick_Handler         0x08003c95     0x4  Code  Gb  stm32f1xx_it.o [1]
SystemClock_Config      0x08001df5    0x86  Code  Gb  main.o [1]
SystemCoreClock         0x2000061c     0x4  Data  Gb  system_stm32f1xx.o [1]
SystemInit              0x08003d01    0x3a  Code  Gb  system_stm32f1xx.o [1]
TIM3_IRQHandler         0x08003cb7     0x6  Code  Gb  stm32f1xx_it.o [1]
TIM4_IRQHandler         0x08003cbd     0x6  Code  Gb  stm32f1xx_it.o [1]
TIM_Base_SetConfig      0x08002bfd    0x5e  Code  Gb  stm32f1xx_hal_tim.o [1]
TIM_TI1_SetConfig       0x08002c5b    0x4e  Code  Gb  stm32f1xx_hal_tim.o [1]
TIM_TI2_SetConfig       0x08002cbd    0x34  Code  Lc  stm32f1xx_hal_tim.o [1]
UART_DMAAbortOnError    0x080011ad     0xc  Code  Lc  stm32f1xx_hal_uart.o [1]
UART_DMAError           0x08001135    0x4a  Code  Lc  stm32f1xx_hal_uart.o [1]
UART_DMAReceiveCplt     0x080010f5    0x38  Code  Lc  stm32f1xx_hal_uart.o [1]
UART_DMARxHalfCplt      0x0800112d     0x6  Code  Lc  stm32f1xx_hal_uart.o [1]
UART_DMATransmitCplt    0x080010c1    0x2a  Code  Lc  stm32f1xx_hal_uart.o [1]
UART_DMATxHalfCplt      0x080010ed     0x6  Code  Lc  stm32f1xx_hal_uart.o [1]
UART_EndRxTransfer      0x08001191    0x1c  Code  Lc  stm32f1xx_hal_uart.o [1]
UART_EndTxTransfer      0x0800117f    0x12  Code  Lc  stm32f1xx_hal_uart.o [1]
UART_Receive_IT         0x080011b9    0x96  Code  Lc  stm32f1xx_hal_uart.o [1]
UART_SetConfig          0x0800124f    0xde  Code  Lc  stm32f1xx_hal_uart.o [1]
USART1_IRQHandler       0x08003cc3     0x6  Code  Gb  stm32f1xx_it.o [1]
USART2_IRQHandler       0x08003cc9     0x4  Code  Gb  stm32f1xx_it.o [1]
UsageFault_Handler      0x08003c91     0x2  Code  Gb  stm32f1xx_it.o [1]
_Error_Handler          0x08001e8d     0x2  Code  Gb  main.o [1]
_LocaleC_isspace        0x08003c61    0x14  Code  Gb  xlocale_c.o [3]
_LocaleC_isupper        0x08003c55     0x2  Code  Gb  xlocale_c.o [3]
_LocaleC_tolower        0x08003c75     0xc  Code  Gb  xlocale_c.o [3]
__aeabi_memclr4         0x08003925          Code  Gb  ABImemclr4.o [5]
__aeabi_memcpy          0x08003019          Code  Gb  ABImemcpy.o [5]
__aeabi_memcpy4         0x08003039          Code  Gb  ABImemcpy.o [5]
__aeabi_memcpy8         0x08003039          Code  Gb  ABImemcpy.o [5]
__aeabi_memmove         0x0800395d          Code  Gb  ABImemmove.o [5]
__aeabi_memmove4        0x0800395d          Code  Gb  ABImemmove.o [5]
__aeabi_memmove8        0x0800395d          Code  Gb  ABImemmove.o [5]
__cmain                 0x08003e35          Code  Gb  cmain.o [5]
__exit                  0x08003e69    0x14  Code  Gb  exit.o [6]
__iar_Memchr            0x08003bfd          Code  Gb  memchr.o [5]
__iar_Memset4_word      0x08003ba1          Code  Gb  ABImemset48.o [5]
__iar_Memset8_word      0x08003ba1          Code  Gb  ABImemset48.o [5]
__iar_Stoulx            0x080039f5   0x112  Code  Gb  iar_Stoulx.o [3]
__iar_Strchr            0x08003b89          Code  Gb  strchr.o [5]
__iar_data_init3        0x08003ded    0x28  Code  Gb  data_init.o [5]
__iar_globLocale        0x20000620    0x48  Data  Lc  xlocale_c.o [3]
__iar_global_Locale     0x08003c81     0x4  Code  Gb  xlocale_c.o [3]
__iar_lz77_init_single3
                        0x08000b33    0x7a  Code  Gb  lz77_init_single.o [5]
__iar_program_start     0x08003e8d          Code  Gb  cstartup_M.o [5]
__iar_systems$$module {Abs}
                        0x00000001          Data  Gb  command line/config [2]
__iar_zero_init3        0x08003dad    0x40  Code  Gb  zero_init3.o [5]
__low_level_init        0x08003e53     0x4  Code  Gb  low_level_init.o [3]
__vector_table          0x08000000          Data  Gb  startup_stm32f103xb.o [1]
_call_main              0x08003e41          Code  Gb  cmain.o [5]
_exit                   0x08003e5d          Code  Gb  cexit.o [5]
_main                   0x08003e4f          Code  Gb  cmain.o [5]
atoi                    0x08003b0d     0x2  Code  Gb  iar_Stoulx.o [3]
bc95_check_ack          0x08003295    0x20  Code  Gb  bc95.o [1]
bc95_get_csq            0x080033d1    0x60  Code  Gb  bc95.o [1]
bc95_get_iccid          0x0800334d    0x46  Code  Gb  bc95.o [1]
bc95_get_imei           0x080032fb    0x48  Code  Gb  bc95.o [1]
bc95_get_imsi           0x080032b5    0x46  Code  Gb  bc95.o [1]
bc95_get_profile_status
                        0x08003399    0x2e  Code  Gb  bc95.o [1]
bc95_init               0x080030f1    0xe2  Code  Gb  bc95.o [1]
bc95_open_recv          0x08003273    0x22  Code  Gb  bc95.o [1]
bc95_reboot             0x080034a7    0x24  Code  Gb  bc95.o [1]
bc95_recv               0x20000000   0x4b8  Data  Gb  bc95.o [1]
bc95_recv_idle_callback
                        0x080034d5    0x60  Code  Gb  bc95.o [1]
bc95_send_command       0x080031e9    0x80  Code  Gb  bc95.o [1]
bc95_set_server_ip      0x08003431    0x6e  Code  Gb  bc95.o [1]
bc95_status             0x200004b8    0x3c  Data  Gb  bc95.o [1]
boot_rinse              0x080030c1    0x24  Code  Gb  app.o [1]
cmd_check               0x200004f4     0x8  Data  Gb  bc95.o [1]
cmd_coap_get_data       0x200005bc     0xc  Data  Gb  bc95.o [1]
cmd_coap_have_recv      0x200005e4     0x8  Data  Gb  bc95.o [1]
cmd_disconnect          0x200005c8     0xc  Data  Gb  bc95.o [1]
cmd_get_csq             0x20000558     0xc  Data  Gb  bc95.o [1]
cmd_get_iccid           0x20000564     0xc  Data  Gb  bc95.o [1]
cmd_get_imei            0x2000054c     0xc  Data  Gb  bc95.o [1]
cmd_get_imsi            0x20000540     0xc  Data  Gb  bc95.o [1]
cmd_get_profile_status  0x20000534     0xc  Data  Gb  bc95.o [1]
cmd_get_server_ip       0x200005b0     0xc  Data  Gb  bc95.o [1]
cmd_ok                  0x200005e0     0x4  Data  Gb  bc95.o [1]
cmd_set_fully_funtion   0x200005d4     0xc  Data  Gb  bc95.o [1]
cmd_set_pdp             0x20000524    0x10  Data  Gb  bc95.o [1]
cmd_set_pdp_context     0x20000588    0x28  Data  Gb  bc95.o [1]
cmd_set_recv_flag       0x2000057c     0xc  Data  Gb  bc95.o [1]
cmd_set_sended_flag     0x20000570     0xc  Data  Gb  bc95.o [1]
cmd_unset_back          0x20000508     0xc  Data  Gb  bc95.o [1]
cmd_unset_fully_funtion
                        0x200004fc     0xc  Data  Gb  bc95.o [1]
cmd_unset_psm           0x20000514    0x10  Data  Gb  bc95.o [1]
device_error            0x200031c4     0x4  Data  Gb  app.o [1]
device_status           0x20002fcc    0x68  Data  Gb  app.o [1]
digits                  0x08003b18    0x28  Data  Lc  iar_Stoulx.o [3]
exit                    0x08003e57     0x4  Code  Gb  exit.o [3]
hadc1                   0x20003178    0x30  Data  Gb  adc.o [1]
hdma_adc1               0x20003034    0x44  Data  Gb  adc.o [1]
hdma_usart1_rx          0x20002d90    0x44  Data  Gb  usart.o [1]
hdma_usart1_tx          0x20002dd4    0x44  Data  Gb  usart.o [1]
hdma_usart2_rx          0x20002e18    0x44  Data  Gb  usart.o [1]
hdma_usart2_tx          0x20002e5c    0x44  Data  Gb  usart.o [1]
header                  0x20000604     0xc  Data  Gb  bc95.o [1]
htim3                   0x200030b8    0x40  Data  Gb  tim.o [1]
htim4                   0x20003078    0x40  Data  Gb  stm32f1xx_hal_timebase_TIM.o [1]
huart1                  0x200030f8    0x40  Data  Gb  usart.o [1]
huart2                  0x20003138    0x40  Data  Gb  usart.o [1]
isspace                 0x08003bd3    0x14  Code  Gb  isspace.o [3]
main                    0x08001dc9    0x2c  Code  Gb  main.o [1]
makeFreeRtosPriority    0x08002781     0xc  Code  Lc  cmsis_os.o [1]
memchr                  0x08003bfd          Code  Gb  memchr.o [5]
ndigs                   0x08003b40    0x28  Data  Lc  iar_Stoulx.o [3]
osDelay                 0x080027c5     0xe  Code  Gb  cmsis_os.o [1]
osDelayUntil            0x0800280d     0xe  Code  Gb  cmsis_os.o [1]
osKernelStart           0x0800278d     0xa  Code  Gb  cmsis_os.o [1]
osSemaphoreCreate       0x080027d3    0x26  Code  Gb  cmsis_os.o [1]
osSystickHandler        0x080027f9    0x14  Code  Gb  cmsis_os.o [1]
osThreadCreate          0x08002797    0x2e  Code  Gb  cmsis_os.o [1]
prvAddCurrentTaskToDelayedList
                        0x08000879    0x64  Code  Lc  tasks.o [1]
prvAddNewTaskToReadyList
                        0x080001bd    0xa6  Code  Lc  tasks.o [1]
prvCopyDataToQueue      0x080037a1    0x68  Code  Lc  queue.o [1]
prvDeleteTCB            0x0800075d    0x14  Code  Lc  tasks.o [1]
prvIdleTask             0x080006f5    0x62  Code  Lc  tasks.o [1]
prvInitialiseNewQueue   0x08003631    0x16  Code  Lc  queue.o [1]
prvInitialiseNewTask    0x08000145    0x78  Code  Lc  tasks.o [1]
prvInsertBlockIntoFreeList
                        0x08000a59    0x46  Code  Lc  heap_4.o [1]
prvResetNextTaskUnblockTime
                        0x08000771    0x1c  Code  Lc  tasks.o [1]
prvTaskExitError        0x08000bcd    0x28  Code  Lc  port.o [1]
prvUnlockQueue          0x08003809    0x64  Code  Lc  queue.o [1]
pump_close              0x08003881     0x2  Code  Gb  tools.o [1]
pump_open               0x0800387d     0x4  Code  Gb  tools.o [1]
pvPortMalloc            0x080008f5   0x102  Code  Gb  heap_4.o [1]
pxCurrentTCB            0x20002ec8     0x4  Data  Gb  tasks.o [1]
pxDelayedTaskList       0x20002ecc     0x4  Data  Lc  tasks.o [1]
pxEnd                   0x20000670     0x4  Data  Lc  heap_4.o [1]
pxOverflowDelayedTaskList
                        0x20002ed0     0x4  Data  Lc  tasks.o [1]
pxPortInitialiseStack   0x08000bad    0x20  Code  Gb  port.o [1]
pxReadyTasksLists       0x20002f40    0x8c  Data  Lc  tasks.o [1]
server_ip               0x200005ec    0x18  Data  Gb  bc95.o [1]
start_rinse             0x080038b5    0x18  Code  Gb  tools.o [1]
stop_rinse              0x080038cd     0xc  Code  Gb  tools.o [1]
strcat                  0x08003b69    0x20  Code  Gb  strcat.o [3]
strchr                  0x08003b89          Code  Gb  strchr.o [5]
strlen                  0x080038ed          Code  Gb  strlen.o [5]
strstr                  0x0800392b    0x30  Code  Gb  strstr.o [3]
switch1_close           0x0800388b     0x6  Code  Gb  tools.o [1]
switch2_close           0x08003891     0x6  Code  Gb  tools.o [1]
switch3_close           0x0800389d     0x6  Code  Gb  tools.o [1]
switch3_open            0x08003897     0x6  Code  Gb  tools.o [1]
switch4_close           0x080038a3     0x6  Code  Gb  tools.o [1]
switch5_close           0x080038af     0x6  Code  Gb  tools.o [1]
switch5_open            0x080038a9     0x6  Code  Gb  tools.o [1]
tolower                 0x08003be7    0x14  Code  Gb  tolower.o [3]
ucHeap                  0x20000680  0x2710  Data  Lc  heap_4.o [1]
ucMaxSysCallPriority    0x20000610     0x1  Data  Lc  port.o [1]
ulMaxPRIGROUPValue      0x20000618     0x4  Data  Lc  port.o [1]
uwTick                  0x200031c8     0x4  Data  Gb  stm32f1xx_hal.o [1]
uxCriticalNesting       0x20000614     0x4  Data  Lc  port.o [1]
uxCurrentNumberOfTasks  0x20002eec     0x4  Data  Lc  tasks.o [1]
uxDeletedTasksWaitingCleanUp
                        0x20002ed4     0x4  Data  Lc  tasks.o [1]
uxListRemove            0x08000b0f    0x24  Code  Gb  list.o [1]
uxPendedTicks           0x20002efc     0x4  Data  Lc  tasks.o [1]
uxSchedulerSuspended    0x20002f10     0x4  Data  Lc  tasks.o [1]
uxTaskNumber            0x20002f08     0x4  Data  Lc  tasks.o [1]
uxTopReadyPriority      0x20002ef4     0x4  Data  Lc  tasks.o [1]
vListInitialise         0x08000aa5    0x1a  Code  Gb  list.o [1]
vListInitialiseItem     0x08000abf     0x6  Code  Gb  list.o [1]
vListInsert             0x08000add    0x32  Code  Gb  list.o [1]
vListInsertEnd          0x08000ac5    0x18  Code  Gb  list.o [1]
vPortEnterCritical      0x08000c59    0x32  Code  Gb  port.o [1]
vPortExitCritical       0x08000c8b    0x22  Code  Gb  port.o [1]
vPortFree               0x08000a05    0x46  Code  Gb  heap_4.o [1]
vPortStartFirstTask     0x08000d6b          Code  Gb  portasm.o [1]
vTaskDelay              0x080002bf    0x2a  Code  Gb  tasks.o [1]
vTaskDelayUntil         0x08000263    0x5c  Code  Gb  tasks.o [1]
vTaskMissedYield        0x080006e9     0xa  Code  Gb  tasks.o [1]
vTaskPlaceOnEventList   0x080005e3    0x22  Code  Gb  tasks.o [1]
vTaskSetTimeOutState    0x08000671    0x20  Code  Gb  tasks.o [1]
vTaskStartScheduler     0x080003c3    0x54  Code  Gb  tasks.o [1]
vTaskSuspend            0x08000303    0x62  Code  Gb  tasks.o [1]
vTaskSuspendAll         0x08000417     0xc  Code  Gb  tasks.o [1]
vTaskSwitchContext      0x0800058d    0x56  Code  Gb  tasks.o [1]
xBlockAllocatedBit      0x2000067c     0x4  Data  Lc  heap_4.o [1]
xDelayedTaskList1       0x20002f14    0x14  Data  Lc  tasks.o [1]
xDelayedTaskList2       0x20002f28    0x14  Data  Lc  tasks.o [1]
xFreeBytesRemaining     0x20000674     0x4  Data  Lc  heap_4.o [1]
xIdleTaskHandle         0x20002f3c     0x4  Data  Lc  tasks.o [1]
xMinimumEverFreeBytesRemaining
                        0x20000678     0x4  Data  Lc  heap_4.o [1]
xNextTaskUnblockTime    0x20002f0c     0x4  Data  Lc  tasks.o [1]
xNumOfOverflows         0x20002f04     0x4  Data  Lc  tasks.o [1]
xPendingReadyList       0x20002ea0    0x14  Data  Lc  tasks.o [1]
xPortStartScheduler     0x08000bf5    0x64  Code  Gb  port.o [1]
xPortSysTickHandler     0x08000cad    0x26  Code  Gb  port.o [1]
xQueueGenericCreate     0x080035f9    0x38  Code  Gb  queue.o [1]
xQueueGenericReset      0x08003581    0x78  Code  Gb  queue.o [1]
xQueueGenericSend       0x08003647   0x136  Code  Gb  queue.o [1]
xSchedulerRunning       0x20002ef8     0x4  Data  Lc  tasks.o [1]
xStart                  0x20000668     0x8  Data  Lc  heap_4.o [1]
xSuspendedTaskList      0x20002ed8    0x14  Data  Lc  tasks.o [1]
xTaskCheckForTimeOut    0x08000691    0x58  Code  Gb  tasks.o [1]
xTaskCreate             0x080000ed    0x58  Code  Gb  tasks.o [1]
xTaskGetSchedulerState  0x0800078d    0x18  Code  Gb  tasks.o [1]
xTaskGetTickCount       0x080004c7     0x8  Code  Gb  tasks.o [1]
xTaskIncrementTick      0x080004cf    0xbe  Code  Gb  tasks.o [1]
xTaskPriorityDisinherit
                        0x080007a5    0x82  Code  Gb  tasks.o [1]
xTaskRemoveFromEventList
                        0x0800061d    0x4e  Code  Gb  tasks.o [1]
xTaskResumeAll          0x08000423    0x9c  Code  Gb  tasks.o [1]
xTasksWaitingTermination
                        0x20002eb4    0x14  Data  Lc  tasks.o [1]
xTickCount              0x20002ef0     0x4  Data  Lc  tasks.o [1]
xYieldPending           0x20002f00     0x4  Data  Lc  tasks.o [1]


[1] = C:\Users\orange\iCloudDrive\CH\CH_RHY_HOME_RO_CODE\CH_RHY_HOME_RO_CODE\EWARM\CH_RHY_HOME_RO_CODE\Obj
[2] = command line
[3] = dl7M_tlf.a
[4] = m7M_tl.a
[5] = rt7M_tl.a
[6] = shb_l.a

  16 048 bytes of readonly  code memory
     359 bytes of readonly  data memory
  13 772 bytes of readwrite data memory

Errors: none
Warnings: none
